time="2026-04-05T17:07:42+03:00" level=warning msg="Found orphan containers ([hackathon2026-test-postgres-migrate-run-820b1fad5a26]) for this project. If you removed or renamed this service in your compose file, you can run this command with the --remove-orphans flag to clean it up."
 Container postgres Running 
 Container go-app-service Running 
 Container hackathon2026-test-tests-run-a2b959144c92 Creating 
 Container hackathon2026-test-tests-run-a2b959144c92 Created 

============================================================
  LOGISTICS SYSTEM API TEST SUITE
============================================================

  Admin login OK — token acquired.

============================================================
  0 · Authentication
============================================================
  [[92mPASS[0m] POST /login valid credentials → 200
  [[92mPASS[0m] response contains token
  [[92mPASS[0m] POST /login wrong password → 4xx
  [[92mPASS[0m] POST /login missing password → 4xx

============================================================
  Unauthorized Access
============================================================
  [[92mPASS[0m] GET /employees without token → 401/403
  [[92mPASS[0m] GET /clients without token → 401/403
  [[92mPASS[0m] GET /delivery-points without token → 401/403
  [[92mPASS[0m] GET /products without token → 401/403
  [[92mPASS[0m] GET /sku without token → 401/403
  [[92mPASS[0m] GET /requests without token → 401/403
  [[92mPASS[0m] GET /vehicles without token → 401/403
  [[92mPASS[0m] GET /arrivals without token → 401/403
  [[92mPASS[0m] GET /arrivals-requests without token → 401/403

============================================================
  2.1 · Employees
============================================================
  [[92mPASS[0m] POST /employees → 201
  [[92mPASS[0m] response has id
  [[92mPASS[0m] POST /employees duplicate email → 4xx
  [[92mPASS[0m] POST /employees invalid role → 4xx
  [[92mPASS[0m] POST /employees invalid phone → 4xx
  [[92mPASS[0m] status 200
  [[92mPASS[0m] envelope has 'data'
  [[92mPASS[0m] envelope has 'meta'
  [[92mPASS[0m] meta has 'page'
  [[92mPASS[0m] meta has 'limit'
  [[92mPASS[0m] meta has 'total'
  [[92mPASS[0m] GET /employees returns list
  [[92mPASS[0m] GET /employees ?page&limit → 200
  [[92mPASS[0m] GET /employees/{id} → 200
  [[92mPASS[0m] correct id returned
  [[92mPASS[0m] GET /employees/unknown → 404
  [[92mPASS[0m] PATCH /employees/{id} → 200
  [[92mPASS[0m] fullname updated
  [[92mPASS[0m] DELETE /employees/{id} → 204
  [[92mPASS[0m] GET deleted employee → 404
  [[92mPASS[0m] Re-create employee

============================================================
  2.2 · Clients
============================================================
  [[92mPASS[0m] POST /clients → 201
  [[92mPASS[0m] response has id
  [[92mPASS[0m] POST /clients duplicate email → 4xx
  [[92mPASS[0m] POST /clients invalid email → 4xx
  [[92mPASS[0m] status 200
  [[92mPASS[0m] envelope has 'data'
  [[92mPASS[0m] envelope has 'meta'
  [[92mPASS[0m] meta has 'page'
  [[92mPASS[0m] meta has 'limit'
  [[92mPASS[0m] meta has 'total'
  [[92mPASS[0m] GET /clients returns list
  [[92mPASS[0m] GET /clients/{id} → 200
  [[92mPASS[0m] correct id returned
  [[92mPASS[0m] PATCH /clients/{id} → 200
  [[92mPASS[0m] name updated
  [[92mPASS[0m] DELETE /clients/{id} → 204
  [[92mPASS[0m] GET deleted client → 404
  [[92mPASS[0m] Re-create client

============================================================
  2.3 · Delivery Points
============================================================
  [[92mPASS[0m] POST /delivery-points → 201
  [[92mPASS[0m] response has id
  [[92mPASS[0m] POST /delivery-points invalid type → 4xx
  [[92mPASS[0m] POST /delivery-points missing owner_id → 4xx
  [[92mPASS[0m] status 200
  [[92mPASS[0m] envelope has 'data'
  [[92mPASS[0m] envelope has 'meta'
  [[92mPASS[0m] meta has 'page'
  [[92mPASS[0m] meta has 'limit'
  [[92mPASS[0m] meta has 'total'
  [[92mPASS[0m] GET /delivery-points returns list
  [[92mPASS[0m] GET /delivery-points ?type=warehouse → 200
  [[92mPASS[0m] all returned are warehouses
  [[92mPASS[0m] GET /delivery-points ?owner_id → 200
  [[92mPASS[0m] GET /delivery-points/{id} → 200
  [[92mPASS[0m] correct id returned
  [[92mPASS[0m] PATCH /delivery-points/{id} → 200
  [[92mPASS[0m] name updated
  [[92mPASS[0m] DELETE /delivery-points/{id} → 204
  [[92mPASS[0m] GET deleted dp → 404

============================================================
  2.4 · Products
============================================================
  [[92mPASS[0m] POST /products → 201
  [[92mPASS[0m] response has id
  [[92mPASS[0m] POST /products missing weight → 4xx
  [[92mPASS[0m] status 200
  [[92mPASS[0m] envelope has 'data'
  [[92mPASS[0m] envelope has 'meta'
  [[92mPASS[0m] meta has 'page'
  [[92mPASS[0m] meta has 'limit'
  [[92mPASS[0m] meta has 'total'
  [[92mPASS[0m] GET /products returns list
  [[92mPASS[0m] GET /products/{id} → 200
  [[92mPASS[0m] correct id returned
  [[92mPASS[0m] GET /products/unknown → 404
  [[92mPASS[0m] PATCH /products/{id} → 200
  [[92mPASS[0m] name updated
  [[92mPASS[0m] DELETE /products/{id} → 204

============================================================
  2.5 · SKU
============================================================
  [[92mPASS[0m] POST /sku → 201
  [[92mPASS[0m] response has id
  [[92mPASS[0m] POST /sku missing product_id → 4xx
  [[92mPASS[0m] POST /sku invalid product_id → 4xx
  [[92mPASS[0m] status 200
  [[92mPASS[0m] envelope has 'data'
  [[92mPASS[0m] envelope has 'meta'
  [[92mPASS[0m] meta has 'page'
  [[92mPASS[0m] meta has 'limit'
  [[92mPASS[0m] meta has 'total'
  [[92mPASS[0m] GET /sku returns list
  [[92mPASS[0m] GET /sku ?product_id → 200
  [[92mPASS[0m] GET /sku ?delivery_point_id → 200
  [[92mPASS[0m] GET /sku/{id} → 200
  [[92mPASS[0m] correct id returned
  [[92mPASS[0m] DELETE /sku/{id} → 204

============================================================
  2.6 · Requests (Orders)
============================================================
  [[92mPASS[0m] POST /requests → 201
  [[92mPASS[0m] response has id
  [[92mPASS[0m] status defaults to pending
  [[92mPASS[0m] POST /requests missing quantity → 4xx
  [[92mPASS[0m] POST /requests invalid emergency → 4xx
  [[92mPASS[0m] status 200
  [[92mPASS[0m] envelope has 'data'
  [[92mPASS[0m] envelope has 'meta'
  [[92mPASS[0m] meta has 'page'
  [[92mPASS[0m] meta has 'limit'
  [[92mPASS[0m] meta has 'total'
  [[92mPASS[0m] GET /requests returns list
  [[92mPASS[0m] GET /requests ?product_id → 200
  [[92mPASS[0m] GET /requests ?delivery_point_id → 200
  [[92mPASS[0m] GET /requests ?status=pending → 200
  [[92mPASS[0m] GET /requests/{id} → 200
  [[92mPASS[0m] correct id returned
  [[92mPASS[0m] GET /requests/unknown → 404
  [[92mPASS[0m] PATCH /requests/{id} status → 200
  [[92mPASS[0m] status updated to accepted
  [[92mPASS[0m] PATCH /requests/{id} invalid status → 4xx
  [[92mPASS[0m] DELETE /requests/{id} → 204

============================================================
  2.9 · Vehicles
============================================================
  [[92mPASS[0m] POST /vehicles → 201
  [[92mPASS[0m] response has id
  [[92mPASS[0m] POST /vehicles invalid fuel_type → 4xx
  [[92mPASS[0m] POST /vehicles missing address → 4xx
  [[92mPASS[0m] status 200
  [[92mPASS[0m] envelope has 'data'
  [[92mPASS[0m] envelope has 'meta'
  [[92mPASS[0m] meta has 'page'
  [[92mPASS[0m] meta has 'limit'
  [[92mPASS[0m] meta has 'total'
  [[92mPASS[0m] GET /vehicles returns list
  [[92mPASS[0m] GET /vehicles ?page&limit → 200
  [[92mPASS[0m] GET /vehicles/{id} → 200
  [[92mPASS[0m] correct id returned
  [[92mPASS[0m] GET /vehicles/unknown → 404
  [[92mPASS[0m] PATCH /vehicles/{id} → 200
  [[92mPASS[0m] name updated
  [[92mPASS[0m] DELETE /vehicles/{id} → 204
  [[92mPASS[0m] GET deleted vehicle → 404

============================================================
  2.7 · Arrivals
============================================================
  [[92mPASS[0m] POST /arrivals → 201
  [[92mPASS[0m] response has id
  [[92mPASS[0m] status defaults to pending
  [[92mPASS[0m] POST /arrivals missing transport_id → 4xx
  [[92mPASS[0m] POST /arrivals missing driver_id → 4xx
  [[92mPASS[0m] POST /arrivals missing time_to_arrival → 4xx
  [[92mPASS[0m] POST /arrivals invalid transport_id → 4xx
  [[92mPASS[0m] status 200
  [[92mPASS[0m] envelope has 'data'
  [[92mPASS[0m] envelope has 'meta'
  [[92mPASS[0m] meta has 'page'
  [[92mPASS[0m] meta has 'limit'
  [[92mPASS[0m] meta has 'total'
  [[92mPASS[0m] GET /arrivals returns list
  [[92mPASS[0m] GET /arrivals ?transport_id → 200
  [[92mPASS[0m] GET /arrivals ?driver_id → 200
  [[92mPASS[0m] GET /arrivals ?status=pending → 200
  [[92mPASS[0m] GET /arrivals ?page&limit → 200
  [[92mPASS[0m] GET /arrivals/{id} → 200
  [[92mPASS[0m] correct id returned
  [[92mPASS[0m] GET /arrivals/unknown → 404
  [[92mPASS[0m] PATCH /arrivals/{id} status=accepted → 200
  [[92mPASS[0m] status updated to accepted
  [[92mPASS[0m] PATCH /arrivals/{id} status=in_transit → 200
  [[92mPASS[0m] PATCH /arrivals/{id} invalid status → 4xx
  [[92mPASS[0m] DELETE /arrivals/{id} → 204
  [[92mPASS[0m] GET deleted arrival → 404

============================================================
  2.8 · Arrival Requests
============================================================
  [[92mPASS[0m] POST /arrivals-requests → 201
  [[92mPASS[0m] response has id
  [[92mPASS[0m] POST /arrivals-requests missing arrival_id → 4xx
  [[92mPASS[0m] status 200
  [[92mPASS[0m] envelope has 'data'
  [[92mPASS[0m] envelope has 'meta'
  [[92mPASS[0m] meta has 'page'
  [[92mPASS[0m] meta has 'limit'
  [[92mPASS[0m] meta has 'total'
  [[92mPASS[0m] GET /arrivals-requests returns list
  [[92mPASS[0m] GET /arrivals-requests/{id} → 200
  [[92mPASS[0m] correct id returned
  [[92mPASS[0m] GET /arrivals-requests/unknown → 404
  [[92mPASS[0m] GET /arrivals-requests/recommended → 200
  [[92mPASS[0m] recommended returns list
  [[92mPASS[0m] DELETE /arrivals-requests/{id} → 204

============================================================
  3.0 · Dedicated Client API
============================================================
  [[92mPASS[0m] POST /login (client) → 200
  [[91mFAIL[0m] GET /api/v1/client/delivery-points → 200
Traceback (most recent call last):
  File "/usr/local/lib/python3.12/site-packages/requests/models.py", line 978, in json
    return complexjson.loads(self.text, **kwargs)
           ^^^^^^^^^^^^^^^^^^^^^^^^^^^^^^^^^^^^^^
  File "/usr/local/lib/python3.12/json/__init__.py", line 346, in loads
    return _default_decoder.decode(s)
           ^^^^^^^^^^^^^^^^^^^^^^^^^^
  File "/usr/local/lib/python3.12/json/decoder.py", line 341, in decode
    raise JSONDecodeError("Extra data", s, end)
json.decoder.JSONDecodeError: Extra data: line 1 column 5 (char 4)

During handling of the above exception, another exception occurred:

Traceback (most recent call last):
  File "/app/api/api.py", line 820, in <module>
    main()
  File "/app/api/api.py", line 802, in main
    test_client_api(client_email, dp_id, product_id)
  File "/app/api/api.py", line 718, in test_client_api
    dps = resp.json().get("data", [])
          ^^^^^^^^^^^
  File "/usr/local/lib/python3.12/site-packages/requests/models.py", line 982, in json
    raise RequestsJSONDecodeError(e.msg, e.doc, e.pos)
requests.exceptions.JSONDecodeError: Extra data: line 1 column 5 (char 4)

make: *** [Makefile:62: test] Error 1
